../BSP/SI7021_ENVIROMENT.c:47:13:delay_us	16	static
../BSP/SI7021_ENVIROMENT.c:65:6:SI7021_iic_start	8	static
../BSP/SI7021_ENVIROMENT.c:83:6:SI7021_iic_stop	8	static
../BSP/SI7021_ENVIROMENT.c:102:9:SI7021_iic_wait_ack	16	static
../BSP/SI7021_ENVIROMENT.c:137:6:SI7021_iic_ack	8	static
../BSP/SI7021_ENVIROMENT.c:157:6:SI7021_iic_nack	8	static
../BSP/SI7021_ENVIROMENT.c:176:6:SI7021_send_byte	24	static
../BSP/SI7021_ENVIROMENT.c:201:9:SI7021_read_byte	24	static
../BSP/SI7021_ENVIROMENT.c:241:6:SI7021_write_command	16	static
../BSP/SI7021_ENVIROMENT.c:264:6:SI7021_read_data	24	static
../BSP/SI7021_ENVIROMENT.c:298:9:SI7021_read_previous_temperature	16	static
../BSP/SI7021_ENVIROMENT.c:315:10:SI7021_measure_humidity	16	static
../BSP/SI7021_ENVIROMENT.c:332:6:SI7021_init	8	static
